[dotenv@17.2.3] injecting env (14) from .env -- tip: ≡ƒ¢á∩╕Å  run anywhere with `dotenvx run -- yourcommand`
node:internal/modules/cjs/loader:1423
  throw err;
  ^

Error: Cannot find module 'node-cron'
Require stack:
- C:\Users\bhavi\Documents\Tiffins-By-Naari\Backend\src\modules\cart\cart.controller.js
- C:\Users\bhavi\Documents\Tiffins-By-Naari\Backend\src\modules\cart\cart.routes.js
- C:\Users\bhavi\Documents\Tiffins-By-Naari\Backend\src\app.js
- C:\Users\bhavi\Documents\Tiffins-By-Naari\Backend\src\server.js
    at Module._resolveFilename (node:internal/modules/cjs/loader:1420:15)
    at defaultResolveImpl (node:internal/modules/cjs/loader:1058:19)
    at resolveForCJSWithHooks (node:internal/modules/cjs/loader:1063:22)
    at Module._load (node:internal/modules/cjs/loader:1226:37)
    at TracingChannel.traceSync (node:diagnostics_channel:328:14)
    at wrapModuleLoad (node:internal/modules/cjs/loader:244:24)
    at Module.require (node:internal/modules/cjs/loader:1503:12)
    at require (node:internal/modules/helpers:152:16)
    at Object.<anonymous> (C:\Users\bhavi\Documents\Tiffins-By-Naari\Backend\src\modules\cart\cart.controller.js:2:14)
    at Module._compile (node:internal/modules/cjs/loader:1760:14) {
  code: 'MODULE_NOT_FOUND',
  requireStack: [
    'C:\\Users\\bhavi\\Documents\\Tiffins-By-Naari\\Backend\\src\\modules\\cart\\cart.controller.js',
    'C:\\Users\\bhavi\\Documents\\Tiffins-By-Naari\\Backend\\src\\modules\\cart\\cart.routes.js',
    'C:\\Users\\bhavi\\Documents\\Tiffins-By-Naari\\Backend\\src\\app.js',
    'C:\\Users\\bhavi\\Documents\\Tiffins-By-Naari\\Backend\\src\\server.js'
  ]
}

Node.js v24.11.0
